MPLINK 5.09, LINKER
Linker Map File - Created Tue Aug 18 07:47:05 2026

                                 Section Info
                  Section       Type    Address   Location Size(Bytes)
                ---------  ---------  ---------  ---------  ---------
                   .org_0       code   0x000000    program   0x000002
                   .cinit    romdata   0x000001    program   0x000004
                   .org_1       code   0x000005    program   0x000038
.config_2007_BUILD/DEFAULT/PRODUCTION/MAIN.O       code   0x002007    program   0x000002



                              Program Memory Usage 
                               Start         End      
                           ---------   ---------      
                            0x000000    0x000002      
                            0x000005    0x000020      
                            0x002007    0x002007      
            32 out of 2182 program addresses used, program memory utilization is 1%



                              Symbols - Sorted by Name
                     Name    Address   Location    Storage File                     
                ---------  ---------  ---------  --------- ---------                
            ALARMA_MANUAL   0x000015    program     static /home/xavi/Documentos/Arqui1/PracticaDos202230638.X/main.asm
            ALARMA_SENSOR   0x000019    program     static /home/xavi/Documentos/Arqui1/PracticaDos202230638.X/main.asm
                   INICIO   0x000005    program     static /home/xavi/Documentos/Arqui1/PracticaDos202230638.X/main.asm
                MAIN_LOOP   0x00000a    program     static /home/xavi/Documentos/Arqui1/PracticaDos202230638.X/main.asm
                   NORMAL   0x000011    program     static /home/xavi/Documentos/Arqui1/PracticaDos202230638.X/main.asm
                   SIL_ON   0x00001f    program     static /home/xavi/Documentos/Arqui1/PracticaDos202230638.X/main.asm



                              Symbols - Sorted by Address
                     Name    Address   Location    Storage File                     
                ---------  ---------  ---------  --------- ---------                
                   INICIO   0x000005    program     static /home/xavi/Documentos/Arqui1/PracticaDos202230638.X/main.asm
                MAIN_LOOP   0x00000a    program     static /home/xavi/Documentos/Arqui1/PracticaDos202230638.X/main.asm
                   NORMAL   0x000011    program     static /home/xavi/Documentos/Arqui1/PracticaDos202230638.X/main.asm
            ALARMA_MANUAL   0x000015    program     static /home/xavi/Documentos/Arqui1/PracticaDos202230638.X/main.asm
            ALARMA_SENSOR   0x000019    program     static /home/xavi/Documentos/Arqui1/PracticaDos202230638.X/main.asm
                   SIL_ON   0x00001f    program     static /home/xavi/Documentos/Arqui1/PracticaDos202230638.X/main.asm


